<?xml version="1.0" encoding="utf-8"?>
<TestRun id="f72318d3-f55c-4141-87f4-af1b5e38ea2f" name="Mathew.Burkitt@DT-2020-RES-1 2026-03-19 11:15:05" runUser="CJC\Mathew.Burkitt" xmlns="http://microsoft.com/schemas/VisualStudio/TeamTest/2010">
  <Times creation="2026-03-19T11:15:05.4460258+00:00" queuing="2026-03-19T11:15:05.4460262+00:00" start="2026-03-19T11:15:04.2564195+00:00" finish="2026-03-19T11:15:05.5032723+00:00" />
  <TestSettings name="default" id="d4ac21f6-1465-4345-8746-18c723b432f4">
    <Deployment runDeploymentRoot="Mathew.Burkitt_DT-2020-RES-1_2026-03-19_11_15_05" />
  </TestSettings>
  <Results>
    <UnitTestResult executionId="99a599ec-5dcd-4731-a6a1-79a8d744af7c" testId="bd7259cd-b7c8-abf5-ad27-dcc79cf08e6c" testName="Entropic.GUI.Tests.GlobalViewModelTests.GlobalViewModel_starts_with_empty_todos" computerName="DT-2020-RES-1" duration="00:00:00.0005094" startTime="2026-03-19T11:15:05.4162457+00:00" endTime="2026-03-19T11:15:05.4162979+00:00" testType="13cdc9d9-ddb5-4fa4-a97d-d965ccfc6d4b" outcome="Passed" testListId="8c84fa94-04c1-424b-9868-57a2d4851a1d" relativeResultsDirectory="99a599ec-5dcd-4731-a6a1-79a8d744af7c" />
    <UnitTestResult executionId="416056a6-68ec-48e4-9f27-47fc649e1d71" testId="495bdfd6-800d-c443-dea6-70b5d9c356ab" testName="Entropic.GUI.Tests.ToastServiceTests.Show_fires_event" computerName="DT-2020-RES-1" duration="00:00:00.0009686" startTime="2026-03-19T11:15:05.4134383+00:00" endTime="2026-03-19T11:15:05.4137225+00:00" testType="13cdc9d9-ddb5-4fa4-a97d-d965ccfc6d4b" outcome="Passed" testListId="8c84fa94-04c1-424b-9868-57a2d4851a1d" relativeResultsDirectory="416056a6-68ec-48e4-9f27-47fc649e1d71" />
    <UnitTestResult executionId="056ae897-989e-4991-91c1-477179a4e798" testId="2f4fac14-dd5e-0f91-0230-7a88159dd550" testName="Entropic.GUI.Tests.TodoItemViewModelTests.StatusIcon_maps_to_correct_symbols" computerName="DT-2020-RES-1" duration="00:00:00.0007572" startTime="2026-03-19T11:15:05.4099787+00:00" endTime="2026-03-19T11:15:05.4103253+00:00" testType="13cdc9d9-ddb5-4fa4-a97d-d965ccfc6d4b" outcome="Passed" testListId="8c84fa94-04c1-424b-9868-57a2d4851a1d" relativeResultsDirectory="056ae897-989e-4991-91c1-477179a4e798" />
    <UnitTestResult executionId="c7a6b34b-04fa-42e0-b0a7-d3cbd1f4c685" testId="4837c18c-2687-48a1-3b93-bd2c1e1262e6" testName="Entropic.GUI.Tests.MainWindowTests.DefaultHeight_is_900" computerName="DT-2020-RES-1" duration="00:00:00.0038284" startTime="2026-03-19T11:15:05.3736811+00:00" endTime="2026-03-19T11:15:05.3742716+00:00" testType="13cdc9d9-ddb5-4fa4-a97d-d965ccfc6d4b" outcome="Passed" testListId="8c84fa94-04c1-424b-9868-57a2d4851a1d" relativeResultsDirectory="c7a6b34b-04fa-42e0-b0a7-d3cbd1f4c685" />
    <UnitTestResult executionId="88946e2c-0538-4576-be17-e909db23d590" testId="5cb281d7-b16b-9288-1150-c7d96b404ca6" testName="Entropic.GUI.Tests.ProjectsViewModelTests.ProjectsViewModel_starts_with_empty_projects" computerName="DT-2020-RES-1" duration="00:00:00.0013701" startTime="2026-03-19T11:15:05.4104999+00:00" endTime="2026-03-19T11:15:05.4109073+00:00" testType="13cdc9d9-ddb5-4fa4-a97d-d965ccfc6d4b" outcome="Passed" testListId="8c84fa94-04c1-424b-9868-57a2d4851a1d" relativeResultsDirectory="88946e2c-0538-4576-be17-e909db23d590" />
    <UnitTestResult executionId="5b062a9f-d8d9-486e-8304-c0988a934aaa" testId="e3c9d27d-90e5-3ada-8f10-bfc6362dee8f" testName="Entropic.GUI.Tests.MainWindowViewModelTests.SpacingPixels_maps_mode_to_correct_values" computerName="DT-2020-RES-1" duration="00:00:00.0004955" startTime="2026-03-19T11:15:05.4173150+00:00" endTime="2026-03-19T11:15:05.4173641+00:00" testType="13cdc9d9-ddb5-4fa4-a97d-d965ccfc6d4b" outcome="Passed" testListId="8c84fa94-04c1-424b-9868-57a2d4851a1d" relativeResultsDirectory="5b062a9f-d8d9-486e-8304-c0988a934aaa" />
    <UnitTestResult executionId="77072545-0ae0-45f3-b4d4-dcf4e7c4cfdf" testId="00fda91c-3df7-bf79-7abc-e21f84b04163" testName="Entropic.GUI.Tests.MainWindowViewModelTests.Provider_filters_default_to_enabled" computerName="DT-2020-RES-1" duration="00:00:00.0002457" startTime="2026-03-19T11:15:05.4168604+00:00" endTime="2026-03-19T11:15:05.4169125+00:00" testType="13cdc9d9-ddb5-4fa4-a97d-d965ccfc6d4b" outcome="Passed" testListId="8c84fa94-04c1-424b-9868-57a2d4851a1d" relativeResultsDirectory="77072545-0ae0-45f3-b4d4-dcf4e7c4cfdf" />
    <UnitTestResult executionId="9bd2f38a-ba8c-4e27-a4b6-54fa11747abc" testId="ce68203b-cef6-ec66-d9da-a2c831c53e6c" testName="Entropic.GUI.Tests.ProjectItemViewModelTests.ProjectItem_stores_provider_and_name" computerName="DT-2020-RES-1" duration="00:00:00.0005367" startTime="2026-03-19T11:15:05.4146249+00:00" endTime="2026-03-19T11:15:05.4148657+00:00" testType="13cdc9d9-ddb5-4fa4-a97d-d965ccfc6d4b" outcome="Passed" testListId="8c84fa94-04c1-424b-9868-57a2d4851a1d" relativeResultsDirectory="9bd2f38a-ba8c-4e27-a4b6-54fa11747abc" />
    <UnitTestResult executionId="f8d35777-5033-403b-aac1-db1d32dd42dc" testId="41e6ec37-825d-ca89-3546-384e9985ba2e" testName="Entropic.GUI.Tests.MainWindowTests.DarkBackground_is_correct_hex" computerName="DT-2020-RES-1" duration="00:00:00.0000707" startTime="2026-03-19T11:15:05.3745638+00:00" endTime="2026-03-19T11:15:05.3746163+00:00" testType="13cdc9d9-ddb5-4fa4-a97d-d965ccfc6d4b" outcome="Passed" testListId="8c84fa94-04c1-424b-9868-57a2d4851a1d" relativeResultsDirectory="f8d35777-5033-403b-aac1-db1d32dd42dc" />
    <UnitTestResult executionId="4f14e72b-c801-493d-9799-6302a3fa99d5" testId="b096b620-0aa9-d06e-98ab-e70a3ea91c12" testName="Entropic.GUI.Tests.MainWindowViewModelTests.ToggleActivityMode_toggles_state" computerName="DT-2020-RES-1" duration="00:00:00.0004278" startTime="2026-03-19T11:15:05.4166848+00:00" endTime="2026-03-19T11:15:05.4167369+00:00" testType="13cdc9d9-ddb5-4fa4-a97d-d965ccfc6d4b" outcome="Passed" testListId="8c84fa94-04c1-424b-9868-57a2d4851a1d" relativeResultsDirectory="4f14e72b-c801-493d-9799-6302a3fa99d5" />
    <UnitTestResult executionId="d4765958-2516-4fb1-8d41-480d0a3e48a8" testId="f5a4b7d0-e325-a269-30ef-21ee3f0a629d" testName="Entropic.GUI.Tests.TodoItemViewModelTests.CanDelete_is_true" computerName="DT-2020-RES-1" duration="00:00:00.0001302" startTime="2026-03-19T11:15:05.4113907+00:00" endTime="2026-03-19T11:15:05.4114374+00:00" testType="13cdc9d9-ddb5-4fa4-a97d-d965ccfc6d4b" outcome="Passed" testListId="8c84fa94-04c1-424b-9868-57a2d4851a1d" relativeResultsDirectory="d4765958-2516-4fb1-8d41-480d0a3e48a8" />
    <UnitTestResult executionId="ddc393df-89b4-48a7-8ac8-904fbbec6be7" testId="023c6960-fc62-5abb-3c78-b9293312dc7a" testName="Entropic.GUI.Tests.MainWindowViewModelTests.MainWindowViewModel_has_MVVM_observable_properties" computerName="DT-2020-RES-1" duration="00:00:00.0004484" startTime="2026-03-19T11:15:05.4165040+00:00" endTime="2026-03-19T11:15:05.4165546+00:00" testType="13cdc9d9-ddb5-4fa4-a97d-d965ccfc6d4b" outcome="Passed" testListId="8c84fa94-04c1-424b-9868-57a2d4851a1d" relativeResultsDirectory="ddc393df-89b4-48a7-8ac8-904fbbec6be7" />
    <UnitTestResult executionId="63698d75-d96f-4e8b-8a28-c0d7cc5ed7cf" testId="43bc48eb-5d6e-8083-6dca-ba48c9df2f8e" testName="Entropic.GUI.Tests.SessionItemViewModelTests.SessionItem_stores_session_id_and_provider" computerName="DT-2020-RES-1" duration="00:00:00.0080655" startTime="2026-03-19T11:15:05.3217836+00:00" endTime="2026-03-19T11:15:05.3395805+00:00" testType="13cdc9d9-ddb5-4fa4-a97d-d965ccfc6d4b" outcome="Passed" testListId="8c84fa94-04c1-424b-9868-57a2d4851a1d" relativeResultsDirectory="63698d75-d96f-4e8b-8a28-c0d7cc5ed7cf" />
    <UnitTestResult executionId="a885dea9-a4cd-47d1-b9d8-76d20fdb75fd" testId="7af0d1b6-bad6-d121-9a7c-6fc25d81d57f" testName="Entropic.GUI.Tests.GitViewModelTests.GitViewModel_starts_with_empty_repos" computerName="DT-2020-RES-1" duration="00:00:00.0008363" startTime="2026-03-19T11:15:05.4138211+00:00" endTime="2026-03-19T11:15:05.4140181+00:00" testType="13cdc9d9-ddb5-4fa4-a97d-d965ccfc6d4b" outcome="Passed" testListId="8c84fa94-04c1-424b-9868-57a2d4851a1d" relativeResultsDirectory="a885dea9-a4cd-47d1-b9d8-76d20fdb75fd" />
    <UnitTestResult executionId="846077a1-de4d-4863-a457-0634d8cb9681" testId="b203f7fa-3789-1a27-4a60-248a885a2f6e" testName="Entropic.GUI.Tests.ErrorBoundaryServiceTests.Clear_resets_last_error" computerName="DT-2020-RES-1" duration="00:00:00.0001766" startTime="2026-03-19T11:15:05.4144014+00:00" endTime="2026-03-19T11:15:05.4144550+00:00" testType="13cdc9d9-ddb5-4fa4-a97d-d965ccfc6d4b" outcome="Passed" testListId="8c84fa94-04c1-424b-9868-57a2d4851a1d" relativeResultsDirectory="846077a1-de4d-4863-a457-0634d8cb9681" />
    <UnitTestResult executionId="79170c17-52cd-4ba3-b725-c290dff93f02" testId="cae27b94-2513-f9df-0f35-0130466fd0cf" testName="Entropic.GUI.Tests.MainWindowTests.DefaultWidth_is_1400" computerName="DT-2020-RES-1" duration="00:00:00.0001143" startTime="2026-03-19T11:15:05.3744061+00:00" endTime="2026-03-19T11:15:05.3744481+00:00" testType="13cdc9d9-ddb5-4fa4-a97d-d965ccfc6d4b" outcome="Passed" testListId="8c84fa94-04c1-424b-9868-57a2d4851a1d" relativeResultsDirectory="79170c17-52cd-4ba3-b725-c290dff93f02" />
    <UnitTestResult executionId="ec726f7f-60cf-456c-8558-35564b796d2c" testId="e156f79e-2a29-ffff-7f89-a4d51307bc99" testName="Entropic.GUI.Tests.ProgressViewModelTests.Update_sets_message_and_progress" computerName="DT-2020-RES-1" duration="00:00:00.0034536" startTime="2026-03-19T11:15:05.3742151+00:00" endTime="2026-03-19T11:15:05.3748330+00:00" testType="13cdc9d9-ddb5-4fa4-a97d-d965ccfc6d4b" outcome="Passed" testListId="8c84fa94-04c1-424b-9868-57a2d4851a1d" relativeResultsDirectory="ec726f7f-60cf-456c-8558-35564b796d2c" />
    <UnitTestResult executionId="ae1a051a-6190-494e-a0bb-f1f6611f0258" testId="d1da45e3-4cbe-0528-02c4-df2029c110bb" testName="Entropic.GUI.Tests.ScreenshotServiceTests.GenerateFilename_contains_timestamp_and_extension" computerName="DT-2020-RES-1" duration="00:00:00.0052860" startTime="2026-03-19T11:15:05.4139669+00:00" endTime="2026-03-19T11:15:05.4146889+00:00" testType="13cdc9d9-ddb5-4fa4-a97d-d965ccfc6d4b" outcome="Passed" testListId="8c84fa94-04c1-424b-9868-57a2d4851a1d" relativeResultsDirectory="ae1a051a-6190-494e-a0bb-f1f6611f0258" />
    <UnitTestResult executionId="367291bd-9539-4cd4-a4f7-0fea01fab76e" testId="3294bbb6-cca7-c324-0a62-8c995ec89f2a" testName="Entropic.GUI.Tests.ProjectsViewModelTests.SetFilter_changes_filter_mode" computerName="DT-2020-RES-1" duration="00:00:00.0012254" startTime="2026-03-19T11:15:05.3750028+00:00" endTime="2026-03-19T11:15:05.4100488+00:00" testType="13cdc9d9-ddb5-4fa4-a97d-d965ccfc6d4b" outcome="Passed" testListId="8c84fa94-04c1-424b-9868-57a2d4851a1d" relativeResultsDirectory="367291bd-9539-4cd4-a4f7-0fea01fab76e" />
    <UnitTestResult executionId="4aa861c9-18d7-4ead-803b-157682e389c1" testId="f98e2762-7174-635e-600d-dd42f453a735" testName="Entropic.GUI.Tests.ProgramTests.BuildAvaloniaApp_returns_app_builder" computerName="DT-2020-RES-1" duration="00:00:00.0003161" startTime="2026-03-19T11:15:05.4159755+00:00" endTime="2026-03-19T11:15:05.4160314+00:00" testType="13cdc9d9-ddb5-4fa4-a97d-d965ccfc6d4b" outcome="Passed" testListId="8c84fa94-04c1-424b-9868-57a2d4851a1d" relativeResultsDirectory="4aa861c9-18d7-4ead-803b-157682e389c1" />
    <UnitTestResult executionId="24f7c3f1-a40d-4345-bbce-a80ebb255ab7" testId="051d3b74-9dd4-311c-eda5-3598c2c4015c" testName="Entropic.GUI.Tests.MainWindowViewModelTests.SetSortMode_updates_property" computerName="DT-2020-RES-1" duration="00:00:00.0005853" startTime="2026-03-19T11:15:05.4174844+00:00" endTime="2026-03-19T11:15:05.4175389+00:00" testType="13cdc9d9-ddb5-4fa4-a97d-d965ccfc6d4b" outcome="Passed" testListId="8c84fa94-04c1-424b-9868-57a2d4851a1d" relativeResultsDirectory="24f7c3f1-a40d-4345-bbce-a80ebb255ab7" />
    <UnitTestResult executionId="5cc7f772-c868-430c-a15f-abcdb631a068" testId="25ead943-b42b-a5d2-cd83-d1177c7aa700" testName="Entropic.GUI.Tests.TodoItemViewModelTests.StatusColor_maps_to_correct_colors" computerName="DT-2020-RES-1" duration="00:00:00.0002341" startTime="2026-03-19T11:15:05.4105200+00:00" endTime="2026-03-19T11:15:05.4106014+00:00" testType="13cdc9d9-ddb5-4fa4-a97d-d965ccfc6d4b" outcome="Passed" testListId="8c84fa94-04c1-424b-9868-57a2d4851a1d" relativeResultsDirectory="5cc7f772-c868-430c-a15f-abcdb631a068" />
    <UnitTestResult executionId="b14a38e3-9242-4170-ad1e-f801b38b8946" testId="5dbf957f-78c7-2944-e2bc-7cd0424f1e43" testName="Entropic.GUI.Tests.ProjectsViewModelTests.ApplySort_sorts_by_name" computerName="DT-2020-RES-1" duration="00:00:00.0017541" startTime="2026-03-19T11:15:05.4110247+00:00" endTime="2026-03-19T11:15:05.4135126+00:00" testType="13cdc9d9-ddb5-4fa4-a97d-d965ccfc6d4b" outcome="Passed" testListId="8c84fa94-04c1-424b-9868-57a2d4851a1d" relativeResultsDirectory="b14a38e3-9242-4170-ad1e-f801b38b8946" />
    <UnitTestResult executionId="14d6fdca-1fd6-44e8-9ced-43e94d25422e" testId="06d32eac-4041-26cf-8dfd-3f894945d08f" testName="Entropic.GUI.Tests.ScreenshotServiceTests.GetSavePath_points_to_desktop" computerName="DT-2020-RES-1" duration="00:00:00.0004047" startTime="2026-03-19T11:15:05.4148159+00:00" endTime="2026-03-19T11:15:05.4150995+00:00" testType="13cdc9d9-ddb5-4fa4-a97d-d965ccfc6d4b" outcome="Passed" testListId="8c84fa94-04c1-424b-9868-57a2d4851a1d" relativeResultsDirectory="14d6fdca-1fd6-44e8-9ced-43e94d25422e" />
    <UnitTestResult executionId="eb4d1479-f26e-4324-9d7c-416e7bb217b0" testId="f96459f2-2996-a85a-78b7-3fc447e4557f" testName="Entropic.GUI.Tests.MainWindowViewModelTests.UpdateStatusBar_formats_project_and_todo_counts" computerName="DT-2020-RES-1" duration="00:00:00.0106581" startTime="2026-03-19T11:15:05.4170373+00:00" endTime="2026-03-19T11:15:05.4171950+00:00" testType="13cdc9d9-ddb5-4fa4-a97d-d965ccfc6d4b" outcome="Passed" testListId="8c84fa94-04c1-424b-9868-57a2d4851a1d" relativeResultsDirectory="eb4d1479-f26e-4324-9d7c-416e7bb217b0" />
    <UnitTestResult executionId="bf7f3fed-5f21-49c5-9bcc-4d9ffd8e8957" testId="bd79712f-886c-8324-8eb1-04898f4a1a73" testName="Entropic.GUI.Tests.HelpViewModelTests.HelpViewModel_has_keyboard_shortcuts" computerName="DT-2020-RES-1" duration="00:00:00.0078675" startTime="2026-03-19T11:15:05.3240842+00:00" endTime="2026-03-19T11:15:05.3447475+00:00" testType="13cdc9d9-ddb5-4fa4-a97d-d965ccfc6d4b" outcome="Passed" testListId="8c84fa94-04c1-424b-9868-57a2d4851a1d" relativeResultsDirectory="bf7f3fed-5f21-49c5-9bcc-4d9ffd8e8957" />
    <UnitTestResult executionId="34d95c34-c05c-4638-9a11-0775a7b9bcf4" testId="629ee7ab-abfa-9308-3e8d-7e552e6dab72" testName="Entropic.GUI.Tests.TodoItemViewModelTests.DisplayText_uses_ActiveForm_when_in_progress" computerName="DT-2020-RES-1" duration="00:00:00.0005310" startTime="2026-03-19T11:15:05.4108662+00:00" endTime="2026-03-19T11:15:05.4110758+00:00" testType="13cdc9d9-ddb5-4fa4-a97d-d965ccfc6d4b" outcome="Passed" testListId="8c84fa94-04c1-424b-9868-57a2d4851a1d" relativeResultsDirectory="34d95c34-c05c-4638-9a11-0775a7b9bcf4" />
    <UnitTestResult executionId="63e5f5dc-e0c9-4211-952d-e0d16ef345df" testId="4d025954-ee57-78ea-d973-756728071940" testName="Entropic.GUI.Tests.TodoItemViewModelTests.ToggleStatus_cycles_through_states" computerName="DT-2020-RES-1" duration="00:00:00.0003422" startTime="2026-03-19T11:15:05.4111975+00:00" endTime="2026-03-19T11:15:05.4112619+00:00" testType="13cdc9d9-ddb5-4fa4-a97d-d965ccfc6d4b" outcome="Passed" testListId="8c84fa94-04c1-424b-9868-57a2d4851a1d" relativeResultsDirectory="63e5f5dc-e0c9-4211-952d-e0d16ef345df" />
    <UnitTestResult executionId="08562ff8-c1d0-4773-a75d-7cd4407c8f2d" testId="8b47cec7-2781-7197-d549-d393292e5f31" testName="Entropic.GUI.Tests.SplashScreenTests.SplashScreen_type_exists" computerName="DT-2020-RES-1" duration="00:00:00.0063767" startTime="2026-03-19T11:15:05.4150458+00:00" endTime="2026-03-19T11:15:05.4170848+00:00" testType="13cdc9d9-ddb5-4fa4-a97d-d965ccfc6d4b" outcome="Passed" testListId="8c84fa94-04c1-424b-9868-57a2d4851a1d" relativeResultsDirectory="08562ff8-c1d0-4773-a75d-7cd4407c8f2d" />
    <UnitTestResult executionId="a747c601-ac0b-41d3-913e-ff591e4f4d21" testId="0a7580f1-0205-efbe-1d4f-c1b40136b0ed" testName="Entropic.GUI.Tests.ProgressViewModelTests.Show_and_Hide_toggle_visibility" computerName="DT-2020-RES-1" duration="00:00:00.0013063" startTime="2026-03-19T11:15:05.3736607+00:00" endTime="2026-03-19T11:15:05.3737467+00:00" testType="13cdc9d9-ddb5-4fa4-a97d-d965ccfc6d4b" outcome="Passed" testListId="8c84fa94-04c1-424b-9868-57a2d4851a1d" relativeResultsDirectory="a747c601-ac0b-41d3-913e-ff591e4f4d21" />
    <UnitTestResult executionId="2a20c417-75a1-489a-a11b-a4dc4cb5c187" testId="f48c54ac-54cc-bb52-e725-0eb29b099eab" testName="Entropic.GUI.Tests.SingleInstanceGuardTests.First_instance_acquires_mutex" computerName="DT-2020-RES-1" duration="00:00:00.0010003" startTime="2026-03-19T11:15:05.3747812+00:00" endTime="2026-03-19T11:15:05.3750556+00:00" testType="13cdc9d9-ddb5-4fa4-a97d-d965ccfc6d4b" outcome="Passed" testListId="8c84fa94-04c1-424b-9868-57a2d4851a1d" relativeResultsDirectory="2a20c417-75a1-489a-a11b-a4dc4cb5c187" />
    <UnitTestResult executionId="e41e1399-721e-4bab-9bcc-c0c778e66ab6" testId="d65b7efb-fe21-dbfc-9848-343f0f4b1156" testName="Entropic.GUI.Tests.TodoItemViewModelTests.StartEdit_and_EndEdit_toggle_editing" computerName="DT-2020-RES-1" duration="00:00:00.0008667" startTime="2026-03-19T11:15:05.4107173+00:00" endTime="2026-03-19T11:15:05.4107589+00:00" testType="13cdc9d9-ddb5-4fa4-a97d-d965ccfc6d4b" outcome="Passed" testListId="8c84fa94-04c1-424b-9868-57a2d4851a1d" relativeResultsDirectory="e41e1399-721e-4bab-9bcc-c0c778e66ab6" />
    <UnitTestResult executionId="beac3185-99b3-4ddf-914a-1125930cba34" testId="12526d82-c134-c759-4a9c-9cd248297fa4" testName="Entropic.GUI.Tests.ErrorBoundaryServiceTests.HandleError_stores_and_fires_event" computerName="DT-2020-RES-1" duration="00:00:00.0035082" startTime="2026-03-19T11:15:05.4142050+00:00" endTime="2026-03-19T11:15:05.4142613+00:00" testType="13cdc9d9-ddb5-4fa4-a97d-d965ccfc6d4b" outcome="Passed" testListId="8c84fa94-04c1-424b-9868-57a2d4851a1d" relativeResultsDirectory="beac3185-99b3-4ddf-914a-1125930cba34" />
  </Results>
  <TestDefinitions>
    <UnitTest name="Entropic.GUI.Tests.ProjectsViewModelTests.SetFilter_changes_filter_mode" storage="c:\users\mathew.burkitt\source\repos\dt\entropic\source\dotnet\entropic.gui.tests\bin\debug\net10.0\entropic.gui.tests.dll" id="3294bbb6-cca7-c324-0a62-8c995ec89f2a">
      <Execution id="367291bd-9539-4cd4-a4f7-0fea01fab76e" />
      <TestMethod codeBase="C:\Users\mathew.burkitt\source\repos\DT\Entropic\source\dotnet\Entropic.GUI.Tests\bin\Debug\net10.0\Entropic.GUI.Tests.dll" adapterTypeName="executor://xunit/VsTestRunner3/netcore/" className="Entropic.GUI.Tests.ProjectsViewModelTests" name="SetFilter_changes_filter_mode" />
    </UnitTest>
    <UnitTest name="Entropic.GUI.Tests.ScreenshotServiceTests.GetSavePath_points_to_desktop" storage="c:\users\mathew.burkitt\source\repos\dt\entropic\source\dotnet\entropic.gui.tests\bin\debug\net10.0\entropic.gui.tests.dll" id="06d32eac-4041-26cf-8dfd-3f894945d08f">
      <Execution id="14d6fdca-1fd6-44e8-9ced-43e94d25422e" />
      <TestMethod codeBase="C:\Users\mathew.burkitt\source\repos\DT\Entropic\source\dotnet\Entropic.GUI.Tests\bin\Debug\net10.0\Entropic.GUI.Tests.dll" adapterTypeName="executor://xunit/VsTestRunner3/netcore/" className="Entropic.GUI.Tests.ScreenshotServiceTests" name="GetSavePath_points_to_desktop" />
    </UnitTest>
    <UnitTest name="Entropic.GUI.Tests.ProjectItemViewModelTests.ProjectItem_stores_provider_and_name" storage="c:\users\mathew.burkitt\source\repos\dt\entropic\source\dotnet\entropic.gui.tests\bin\debug\net10.0\entropic.gui.tests.dll" id="ce68203b-cef6-ec66-d9da-a2c831c53e6c">
      <Execution id="9bd2f38a-ba8c-4e27-a4b6-54fa11747abc" />
      <TestMethod codeBase="C:\Users\mathew.burkitt\source\repos\DT\Entropic\source\dotnet\Entropic.GUI.Tests\bin\Debug\net10.0\Entropic.GUI.Tests.dll" adapterTypeName="executor://xunit/VsTestRunner3/netcore/" className="Entropic.GUI.Tests.ProjectItemViewModelTests" name="ProjectItem_stores_provider_and_name" />
    </UnitTest>
    <UnitTest name="Entropic.GUI.Tests.TodoItemViewModelTests.DisplayText_uses_ActiveForm_when_in_progress" storage="c:\users\mathew.burkitt\source\repos\dt\entropic\source\dotnet\entropic.gui.tests\bin\debug\net10.0\entropic.gui.tests.dll" id="629ee7ab-abfa-9308-3e8d-7e552e6dab72">
      <Execution id="34d95c34-c05c-4638-9a11-0775a7b9bcf4" />
      <TestMethod codeBase="C:\Users\mathew.burkitt\source\repos\DT\Entropic\source\dotnet\Entropic.GUI.Tests\bin\Debug\net10.0\Entropic.GUI.Tests.dll" adapterTypeName="executor://xunit/VsTestRunner3/netcore/" className="Entropic.GUI.Tests.TodoItemViewModelTests" name="DisplayText_uses_ActiveForm_when_in_progress" />
    </UnitTest>
    <UnitTest name="Entropic.GUI.Tests.ToastServiceTests.Show_fires_event" storage="c:\users\mathew.burkitt\source\repos\dt\entropic\source\dotnet\entropic.gui.tests\bin\debug\net10.0\entropic.gui.tests.dll" id="495bdfd6-800d-c443-dea6-70b5d9c356ab">
      <Execution id="416056a6-68ec-48e4-9f27-47fc649e1d71" />
      <TestMethod codeBase="C:\Users\mathew.burkitt\source\repos\DT\Entropic\source\dotnet\Entropic.GUI.Tests\bin\Debug\net10.0\Entropic.GUI.Tests.dll" adapterTypeName="executor://xunit/VsTestRunner3/netcore/" className="Entropic.GUI.Tests.ToastServiceTests" name="Show_fires_event" />
    </UnitTest>
    <UnitTest name="Entropic.GUI.Tests.MainWindowViewModelTests.Provider_filters_default_to_enabled" storage="c:\users\mathew.burkitt\source\repos\dt\entropic\source\dotnet\entropic.gui.tests\bin\debug\net10.0\entropic.gui.tests.dll" id="00fda91c-3df7-bf79-7abc-e21f84b04163">
      <Execution id="77072545-0ae0-45f3-b4d4-dcf4e7c4cfdf" />
      <TestMethod codeBase="C:\Users\mathew.burkitt\source\repos\DT\Entropic\source\dotnet\Entropic.GUI.Tests\bin\Debug\net10.0\Entropic.GUI.Tests.dll" adapterTypeName="executor://xunit/VsTestRunner3/netcore/" className="Entropic.GUI.Tests.MainWindowViewModelTests" name="Provider_filters_default_to_enabled" />
    </UnitTest>
    <UnitTest name="Entropic.GUI.Tests.MainWindowTests.DefaultHeight_is_900" storage="c:\users\mathew.burkitt\source\repos\dt\entropic\source\dotnet\entropic.gui.tests\bin\debug\net10.0\entropic.gui.tests.dll" id="4837c18c-2687-48a1-3b93-bd2c1e1262e6">
      <Execution id="c7a6b34b-04fa-42e0-b0a7-d3cbd1f4c685" />
      <TestMethod codeBase="C:\Users\mathew.burkitt\source\repos\DT\Entropic\source\dotnet\Entropic.GUI.Tests\bin\Debug\net10.0\Entropic.GUI.Tests.dll" adapterTypeName="executor://xunit/VsTestRunner3/netcore/" className="Entropic.GUI.Tests.MainWindowTests" name="DefaultHeight_is_900" />
    </UnitTest>
    <UnitTest name="Entropic.GUI.Tests.ProgramTests.BuildAvaloniaApp_returns_app_builder" storage="c:\users\mathew.burkitt\source\repos\dt\entropic\source\dotnet\entropic.gui.tests\bin\debug\net10.0\entropic.gui.tests.dll" id="f98e2762-7174-635e-600d-dd42f453a735">
      <Execution id="4aa861c9-18d7-4ead-803b-157682e389c1" />
      <TestMethod codeBase="C:\Users\mathew.burkitt\source\repos\DT\Entropic\source\dotnet\Entropic.GUI.Tests\bin\Debug\net10.0\Entropic.GUI.Tests.dll" adapterTypeName="executor://xunit/VsTestRunner3/netcore/" className="Entropic.GUI.Tests.ProgramTests" name="BuildAvaloniaApp_returns_app_builder" />
    </UnitTest>
    <UnitTest name="Entropic.GUI.Tests.ScreenshotServiceTests.GenerateFilename_contains_timestamp_and_extension" storage="c:\users\mathew.burkitt\source\repos\dt\entropic\source\dotnet\entropic.gui.tests\bin\debug\net10.0\entropic.gui.tests.dll" id="d1da45e3-4cbe-0528-02c4-df2029c110bb">
      <Execution id="ae1a051a-6190-494e-a0bb-f1f6611f0258" />
      <TestMethod codeBase="C:\Users\mathew.burkitt\source\repos\DT\Entropic\source\dotnet\Entropic.GUI.Tests\bin\Debug\net10.0\Entropic.GUI.Tests.dll" adapterTypeName="executor://xunit/VsTestRunner3/netcore/" className="Entropic.GUI.Tests.ScreenshotServiceTests" name="GenerateFilename_contains_timestamp_and_extension" />
    </UnitTest>
    <UnitTest name="Entropic.GUI.Tests.MainWindowViewModelTests.MainWindowViewModel_has_MVVM_observable_properties" storage="c:\users\mathew.burkitt\source\repos\dt\entropic\source\dotnet\entropic.gui.tests\bin\debug\net10.0\entropic.gui.tests.dll" id="023c6960-fc62-5abb-3c78-b9293312dc7a">
      <Execution id="ddc393df-89b4-48a7-8ac8-904fbbec6be7" />
      <TestMethod codeBase="C:\Users\mathew.burkitt\source\repos\DT\Entropic\source\dotnet\Entropic.GUI.Tests\bin\Debug\net10.0\Entropic.GUI.Tests.dll" adapterTypeName="executor://xunit/VsTestRunner3/netcore/" className="Entropic.GUI.Tests.MainWindowViewModelTests" name="MainWindowViewModel_has_MVVM_observable_properties" />
    </UnitTest>
    <UnitTest name="Entropic.GUI.Tests.HelpViewModelTests.HelpViewModel_has_keyboard_shortcuts" storage="c:\users\mathew.burkitt\source\repos\dt\entropic\source\dotnet\entropic.gui.tests\bin\debug\net10.0\entropic.gui.tests.dll" id="bd79712f-886c-8324-8eb1-04898f4a1a73">
      <Execution id="bf7f3fed-5f21-49c5-9bcc-4d9ffd8e8957" />
      <TestMethod codeBase="C:\Users\mathew.burkitt\source\repos\DT\Entropic\source\dotnet\Entropic.GUI.Tests\bin\Debug\net10.0\Entropic.GUI.Tests.dll" adapterTypeName="executor://xunit/VsTestRunner3/netcore/" className="Entropic.GUI.Tests.HelpViewModelTests" name="HelpViewModel_has_keyboard_shortcuts" />
    </UnitTest>
    <UnitTest name="Entropic.GUI.Tests.ErrorBoundaryServiceTests.Clear_resets_last_error" storage="c:\users\mathew.burkitt\source\repos\dt\entropic\source\dotnet\entropic.gui.tests\bin\debug\net10.0\entropic.gui.tests.dll" id="b203f7fa-3789-1a27-4a60-248a885a2f6e">
      <Execution id="846077a1-de4d-4863-a457-0634d8cb9681" />
      <TestMethod codeBase="C:\Users\mathew.burkitt\source\repos\DT\Entropic\source\dotnet\Entropic.GUI.Tests\bin\Debug\net10.0\Entropic.GUI.Tests.dll" adapterTypeName="executor://xunit/VsTestRunner3/netcore/" className="Entropic.GUI.Tests.ErrorBoundaryServiceTests" name="Clear_resets_last_error" />
    </UnitTest>
    <UnitTest name="Entropic.GUI.Tests.MainWindowViewModelTests.UpdateStatusBar_formats_project_and_todo_counts" storage="c:\users\mathew.burkitt\source\repos\dt\entropic\source\dotnet\entropic.gui.tests\bin\debug\net10.0\entropic.gui.tests.dll" id="f96459f2-2996-a85a-78b7-3fc447e4557f">
      <Execution id="eb4d1479-f26e-4324-9d7c-416e7bb217b0" />
      <TestMethod codeBase="C:\Users\mathew.burkitt\source\repos\DT\Entropic\source\dotnet\Entropic.GUI.Tests\bin\Debug\net10.0\Entropic.GUI.Tests.dll" adapterTypeName="executor://xunit/VsTestRunner3/netcore/" className="Entropic.GUI.Tests.MainWindowViewModelTests" name="UpdateStatusBar_formats_project_and_todo_counts" />
    </UnitTest>
    <UnitTest name="Entropic.GUI.Tests.MainWindowViewModelTests.ToggleActivityMode_toggles_state" storage="c:\users\mathew.burkitt\source\repos\dt\entropic\source\dotnet\entropic.gui.tests\bin\debug\net10.0\entropic.gui.tests.dll" id="b096b620-0aa9-d06e-98ab-e70a3ea91c12">
      <Execution id="4f14e72b-c801-493d-9799-6302a3fa99d5" />
      <TestMethod codeBase="C:\Users\mathew.burkitt\source\repos\DT\Entropic\source\dotnet\Entropic.GUI.Tests\bin\Debug\net10.0\Entropic.GUI.Tests.dll" adapterTypeName="executor://xunit/VsTestRunner3/netcore/" className="Entropic.GUI.Tests.MainWindowViewModelTests" name="ToggleActivityMode_toggles_state" />
    </UnitTest>
    <UnitTest name="Entropic.GUI.Tests.ProgressViewModelTests.Update_sets_message_and_progress" storage="c:\users\mathew.burkitt\source\repos\dt\entropic\source\dotnet\entropic.gui.tests\bin\debug\net10.0\entropic.gui.tests.dll" id="e156f79e-2a29-ffff-7f89-a4d51307bc99">
      <Execution id="ec726f7f-60cf-456c-8558-35564b796d2c" />
      <TestMethod codeBase="C:\Users\mathew.burkitt\source\repos\DT\Entropic\source\dotnet\Entropic.GUI.Tests\bin\Debug\net10.0\Entropic.GUI.Tests.dll" adapterTypeName="executor://xunit/VsTestRunner3/netcore/" className="Entropic.GUI.Tests.ProgressViewModelTests" name="Update_sets_message_and_progress" />
    </UnitTest>
    <UnitTest name="Entropic.GUI.Tests.SplashScreenTests.SplashScreen_type_exists" storage="c:\users\mathew.burkitt\source\repos\dt\entropic\source\dotnet\entropic.gui.tests\bin\debug\net10.0\entropic.gui.tests.dll" id="8b47cec7-2781-7197-d549-d393292e5f31">
      <Execution id="08562ff8-c1d0-4773-a75d-7cd4407c8f2d" />
      <TestMethod codeBase="C:\Users\mathew.burkitt\source\repos\DT\Entropic\source\dotnet\Entropic.GUI.Tests\bin\Debug\net10.0\Entropic.GUI.Tests.dll" adapterTypeName="executor://xunit/VsTestRunner3/netcore/" className="Entropic.GUI.Tests.SplashScreenTests" name="SplashScreen_type_exists" />
    </UnitTest>
    <UnitTest name="Entropic.GUI.Tests.TodoItemViewModelTests.CanDelete_is_true" storage="c:\users\mathew.burkitt\source\repos\dt\entropic\source\dotnet\entropic.gui.tests\bin\debug\net10.0\entropic.gui.tests.dll" id="f5a4b7d0-e325-a269-30ef-21ee3f0a629d">
      <Execution id="d4765958-2516-4fb1-8d41-480d0a3e48a8" />
      <TestMethod codeBase="C:\Users\mathew.burkitt\source\repos\DT\Entropic\source\dotnet\Entropic.GUI.Tests\bin\Debug\net10.0\Entropic.GUI.Tests.dll" adapterTypeName="executor://xunit/VsTestRunner3/netcore/" className="Entropic.GUI.Tests.TodoItemViewModelTests" name="CanDelete_is_true" />
    </UnitTest>
    <UnitTest name="Entropic.GUI.Tests.GlobalViewModelTests.GlobalViewModel_starts_with_empty_todos" storage="c:\users\mathew.burkitt\source\repos\dt\entropic\source\dotnet\entropic.gui.tests\bin\debug\net10.0\entropic.gui.tests.dll" id="bd7259cd-b7c8-abf5-ad27-dcc79cf08e6c">
      <Execution id="99a599ec-5dcd-4731-a6a1-79a8d744af7c" />
      <TestMethod codeBase="C:\Users\mathew.burkitt\source\repos\DT\Entropic\source\dotnet\Entropic.GUI.Tests\bin\Debug\net10.0\Entropic.GUI.Tests.dll" adapterTypeName="executor://xunit/VsTestRunner3/netcore/" className="Entropic.GUI.Tests.GlobalViewModelTests" name="GlobalViewModel_starts_with_empty_todos" />
    </UnitTest>
    <UnitTest name="Entropic.GUI.Tests.MainWindowTests.DarkBackground_is_correct_hex" storage="c:\users\mathew.burkitt\source\repos\dt\entropic\source\dotnet\entropic.gui.tests\bin\debug\net10.0\entropic.gui.tests.dll" id="41e6ec37-825d-ca89-3546-384e9985ba2e">
      <Execution id="f8d35777-5033-403b-aac1-db1d32dd42dc" />
      <TestMethod codeBase="C:\Users\mathew.burkitt\source\repos\DT\Entropic\source\dotnet\Entropic.GUI.Tests\bin\Debug\net10.0\Entropic.GUI.Tests.dll" adapterTypeName="executor://xunit/VsTestRunner3/netcore/" className="Entropic.GUI.Tests.MainWindowTests" name="DarkBackground_is_correct_hex" />
    </UnitTest>
    <UnitTest name="Entropic.GUI.Tests.TodoItemViewModelTests.StatusIcon_maps_to_correct_symbols" storage="c:\users\mathew.burkitt\source\repos\dt\entropic\source\dotnet\entropic.gui.tests\bin\debug\net10.0\entropic.gui.tests.dll" id="2f4fac14-dd5e-0f91-0230-7a88159dd550">
      <Execution id="056ae897-989e-4991-91c1-477179a4e798" />
      <TestMethod codeBase="C:\Users\mathew.burkitt\source\repos\DT\Entropic\source\dotnet\Entropic.GUI.Tests\bin\Debug\net10.0\Entropic.GUI.Tests.dll" adapterTypeName="executor://xunit/VsTestRunner3/netcore/" className="Entropic.GUI.Tests.TodoItemViewModelTests" name="StatusIcon_maps_to_correct_symbols" />
    </UnitTest>
    <UnitTest name="Entropic.GUI.Tests.ErrorBoundaryServiceTests.HandleError_stores_and_fires_event" storage="c:\users\mathew.burkitt\source\repos\dt\entropic\source\dotnet\entropic.gui.tests\bin\debug\net10.0\entropic.gui.tests.dll" id="12526d82-c134-c759-4a9c-9cd248297fa4">
      <Execution id="beac3185-99b3-4ddf-914a-1125930cba34" />
      <TestMethod codeBase="C:\Users\mathew.burkitt\source\repos\DT\Entropic\source\dotnet\Entropic.GUI.Tests\bin\Debug\net10.0\Entropic.GUI.Tests.dll" adapterTypeName="executor://xunit/VsTestRunner3/netcore/" className="Entropic.GUI.Tests.ErrorBoundaryServiceTests" name="HandleError_stores_and_fires_event" />
    </UnitTest>
    <UnitTest name="Entropic.GUI.Tests.SessionItemViewModelTests.SessionItem_stores_session_id_and_provider" storage="c:\users\mathew.burkitt\source\repos\dt\entropic\source\dotnet\entropic.gui.tests\bin\debug\net10.0\entropic.gui.tests.dll" id="43bc48eb-5d6e-8083-6dca-ba48c9df2f8e">
      <Execution id="63698d75-d96f-4e8b-8a28-c0d7cc5ed7cf" />
      <TestMethod codeBase="C:\Users\mathew.burkitt\source\repos\DT\Entropic\source\dotnet\Entropic.GUI.Tests\bin\Debug\net10.0\Entropic.GUI.Tests.dll" adapterTypeName="executor://xunit/VsTestRunner3/netcore/" className="Entropic.GUI.Tests.SessionItemViewModelTests" name="SessionItem_stores_session_id_and_provider" />
    </UnitTest>
    <UnitTest name="Entropic.GUI.Tests.SingleInstanceGuardTests.First_instance_acquires_mutex" storage="c:\users\mathew.burkitt\source\repos\dt\entropic\source\dotnet\entropic.gui.tests\bin\debug\net10.0\entropic.gui.tests.dll" id="f48c54ac-54cc-bb52-e725-0eb29b099eab">
      <Execution id="2a20c417-75a1-489a-a11b-a4dc4cb5c187" />
      <TestMethod codeBase="C:\Users\mathew.burkitt\source\repos\DT\Entropic\source\dotnet\Entropic.GUI.Tests\bin\Debug\net10.0\Entropic.GUI.Tests.dll" adapterTypeName="executor://xunit/VsTestRunner3/netcore/" className="Entropic.GUI.Tests.SingleInstanceGuardTests" name="First_instance_acquires_mutex" />
    </UnitTest>
    <UnitTest name="Entropic.GUI.Tests.GitViewModelTests.GitViewModel_starts_with_empty_repos" storage="c:\users\mathew.burkitt\source\repos\dt\entropic\source\dotnet\entropic.gui.tests\bin\debug\net10.0\entropic.gui.tests.dll" id="7af0d1b6-bad6-d121-9a7c-6fc25d81d57f">
      <Execution id="a885dea9-a4cd-47d1-b9d8-76d20fdb75fd" />
      <TestMethod codeBase="C:\Users\mathew.burkitt\source\repos\DT\Entropic\source\dotnet\Entropic.GUI.Tests\bin\Debug\net10.0\Entropic.GUI.Tests.dll" adapterTypeName="executor://xunit/VsTestRunner3/netcore/" className="Entropic.GUI.Tests.GitViewModelTests" name="GitViewModel_starts_with_empty_repos" />
    </UnitTest>
    <UnitTest name="Entropic.GUI.Tests.MainWindowTests.DefaultWidth_is_1400" storage="c:\users\mathew.burkitt\source\repos\dt\entropic\source\dotnet\entropic.gui.tests\bin\debug\net10.0\entropic.gui.tests.dll" id="cae27b94-2513-f9df-0f35-0130466fd0cf">
      <Execution id="79170c17-52cd-4ba3-b725-c290dff93f02" />
      <TestMethod codeBase="C:\Users\mathew.burkitt\source\repos\DT\Entropic\source\dotnet\Entropic.GUI.Tests\bin\Debug\net10.0\Entropic.GUI.Tests.dll" adapterTypeName="executor://xunit/VsTestRunner3/netcore/" className="Entropic.GUI.Tests.MainWindowTests" name="DefaultWidth_is_1400" />
    </UnitTest>
    <UnitTest name="Entropic.GUI.Tests.MainWindowViewModelTests.SetSortMode_updates_property" storage="c:\users\mathew.burkitt\source\repos\dt\entropic\source\dotnet\entropic.gui.tests\bin\debug\net10.0\entropic.gui.tests.dll" id="051d3b74-9dd4-311c-eda5-3598c2c4015c">
      <Execution id="24f7c3f1-a40d-4345-bbce-a80ebb255ab7" />
      <TestMethod codeBase="C:\Users\mathew.burkitt\source\repos\DT\Entropic\source\dotnet\Entropic.GUI.Tests\bin\Debug\net10.0\Entropic.GUI.Tests.dll" adapterTypeName="executor://xunit/VsTestRunner3/netcore/" className="Entropic.GUI.Tests.MainWindowViewModelTests" name="SetSortMode_updates_property" />
    </UnitTest>
    <UnitTest name="Entropic.GUI.Tests.ProjectsViewModelTests.ProjectsViewModel_starts_with_empty_projects" storage="c:\users\mathew.burkitt\source\repos\dt\entropic\source\dotnet\entropic.gui.tests\bin\debug\net10.0\entropic.gui.tests.dll" id="5cb281d7-b16b-9288-1150-c7d96b404ca6">
      <Execution id="88946e2c-0538-4576-be17-e909db23d590" />
      <TestMethod codeBase="C:\Users\mathew.burkitt\source\repos\DT\Entropic\source\dotnet\Entropic.GUI.Tests\bin\Debug\net10.0\Entropic.GUI.Tests.dll" adapterTypeName="executor://xunit/VsTestRunner3/netcore/" className="Entropic.GUI.Tests.ProjectsViewModelTests" name="ProjectsViewModel_starts_with_empty_projects" />
    </UnitTest>
    <UnitTest name="Entropic.GUI.Tests.MainWindowViewModelTests.SpacingPixels_maps_mode_to_correct_values" storage="c:\users\mathew.burkitt\source\repos\dt\entropic\source\dotnet\entropic.gui.tests\bin\debug\net10.0\entropic.gui.tests.dll" id="e3c9d27d-90e5-3ada-8f10-bfc6362dee8f">
      <Execution id="5b062a9f-d8d9-486e-8304-c0988a934aaa" />
      <TestMethod codeBase="C:\Users\mathew.burkitt\source\repos\DT\Entropic\source\dotnet\Entropic.GUI.Tests\bin\Debug\net10.0\Entropic.GUI.Tests.dll" adapterTypeName="executor://xunit/VsTestRunner3/netcore/" className="Entropic.GUI.Tests.MainWindowViewModelTests" name="SpacingPixels_maps_mode_to_correct_values" />
    </UnitTest>
    <UnitTest name="Entropic.GUI.Tests.TodoItemViewModelTests.ToggleStatus_cycles_through_states" storage="c:\users\mathew.burkitt\source\repos\dt\entropic\source\dotnet\entropic.gui.tests\bin\debug\net10.0\entropic.gui.tests.dll" id="4d025954-ee57-78ea-d973-756728071940">
      <Execution id="63e5f5dc-e0c9-4211-952d-e0d16ef345df" />
      <TestMethod codeBase="C:\Users\mathew.burkitt\source\repos\DT\Entropic\source\dotnet\Entropic.GUI.Tests\bin\Debug\net10.0\Entropic.GUI.Tests.dll" adapterTypeName="executor://xunit/VsTestRunner3/netcore/" className="Entropic.GUI.Tests.TodoItemViewModelTests" name="ToggleStatus_cycles_through_states" />
    </UnitTest>
    <UnitTest name="Entropic.GUI.Tests.ProgressViewModelTests.Show_and_Hide_toggle_visibility" storage="c:\users\mathew.burkitt\source\repos\dt\entropic\source\dotnet\entropic.gui.tests\bin\debug\net10.0\entropic.gui.tests.dll" id="0a7580f1-0205-efbe-1d4f-c1b40136b0ed">
      <Execution id="a747c601-ac0b-41d3-913e-ff591e4f4d21" />
      <TestMethod codeBase="C:\Users\mathew.burkitt\source\repos\DT\Entropic\source\dotnet\Entropic.GUI.Tests\bin\Debug\net10.0\Entropic.GUI.Tests.dll" adapterTypeName="executor://xunit/VsTestRunner3/netcore/" className="Entropic.GUI.Tests.ProgressViewModelTests" name="Show_and_Hide_toggle_visibility" />
    </UnitTest>
    <UnitTest name="Entropic.GUI.Tests.TodoItemViewModelTests.StartEdit_and_EndEdit_toggle_editing" storage="c:\users\mathew.burkitt\source\repos\dt\entropic\source\dotnet\entropic.gui.tests\bin\debug\net10.0\entropic.gui.tests.dll" id="d65b7efb-fe21-dbfc-9848-343f0f4b1156">
      <Execution id="e41e1399-721e-4bab-9bcc-c0c778e66ab6" />
      <TestMethod codeBase="C:\Users\mathew.burkitt\source\repos\DT\Entropic\source\dotnet\Entropic.GUI.Tests\bin\Debug\net10.0\Entropic.GUI.Tests.dll" adapterTypeName="executor://xunit/VsTestRunner3/netcore/" className="Entropic.GUI.Tests.TodoItemViewModelTests" name="StartEdit_and_EndEdit_toggle_editing" />
    </UnitTest>
    <UnitTest name="Entropic.GUI.Tests.ProjectsViewModelTests.ApplySort_sorts_by_name" storage="c:\users\mathew.burkitt\source\repos\dt\entropic\source\dotnet\entropic.gui.tests\bin\debug\net10.0\entropic.gui.tests.dll" id="5dbf957f-78c7-2944-e2bc-7cd0424f1e43">
      <Execution id="b14a38e3-9242-4170-ad1e-f801b38b8946" />
      <TestMethod codeBase="C:\Users\mathew.burkitt\source\repos\DT\Entropic\source\dotnet\Entropic.GUI.Tests\bin\Debug\net10.0\Entropic.GUI.Tests.dll" adapterTypeName="executor://xunit/VsTestRunner3/netcore/" className="Entropic.GUI.Tests.ProjectsViewModelTests" name="ApplySort_sorts_by_name" />
    </UnitTest>
    <UnitTest name="Entropic.GUI.Tests.TodoItemViewModelTests.StatusColor_maps_to_correct_colors" storage="c:\users\mathew.burkitt\source\repos\dt\entropic\source\dotnet\entropic.gui.tests\bin\debug\net10.0\entropic.gui.tests.dll" id="25ead943-b42b-a5d2-cd83-d1177c7aa700">
      <Execution id="5cc7f772-c868-430c-a15f-abcdb631a068" />
      <TestMethod codeBase="C:\Users\mathew.burkitt\source\repos\DT\Entropic\source\dotnet\Entropic.GUI.Tests\bin\Debug\net10.0\Entropic.GUI.Tests.dll" adapterTypeName="executor://xunit/VsTestRunner3/netcore/" className="Entropic.GUI.Tests.TodoItemViewModelTests" name="StatusColor_maps_to_correct_colors" />
    </UnitTest>
  </TestDefinitions>
  <TestEntries>
    <TestEntry testId="bd7259cd-b7c8-abf5-ad27-dcc79cf08e6c" executionId="99a599ec-5dcd-4731-a6a1-79a8d744af7c" testListId="8c84fa94-04c1-424b-9868-57a2d4851a1d" />
    <TestEntry testId="495bdfd6-800d-c443-dea6-70b5d9c356ab" executionId="416056a6-68ec-48e4-9f27-47fc649e1d71" testListId="8c84fa94-04c1-424b-9868-57a2d4851a1d" />
    <TestEntry testId="2f4fac14-dd5e-0f91-0230-7a88159dd550" executionId="056ae897-989e-4991-91c1-477179a4e798" testListId="8c84fa94-04c1-424b-9868-57a2d4851a1d" />
    <TestEntry testId="4837c18c-2687-48a1-3b93-bd2c1e1262e6" executionId="c7a6b34b-04fa-42e0-b0a7-d3cbd1f4c685" testListId="8c84fa94-04c1-424b-9868-57a2d4851a1d" />
    <TestEntry testId="5cb281d7-b16b-9288-1150-c7d96b404ca6" executionId="88946e2c-0538-4576-be17-e909db23d590" testListId="8c84fa94-04c1-424b-9868-57a2d4851a1d" />
    <TestEntry testId="e3c9d27d-90e5-3ada-8f10-bfc6362dee8f" executionId="5b062a9f-d8d9-486e-8304-c0988a934aaa" testListId="8c84fa94-04c1-424b-9868-57a2d4851a1d" />
    <TestEntry testId="00fda91c-3df7-bf79-7abc-e21f84b04163" executionId="77072545-0ae0-45f3-b4d4-dcf4e7c4cfdf" testListId="8c84fa94-04c1-424b-9868-57a2d4851a1d" />
    <TestEntry testId="ce68203b-cef6-ec66-d9da-a2c831c53e6c" executionId="9bd2f38a-ba8c-4e27-a4b6-54fa11747abc" testListId="8c84fa94-04c1-424b-9868-57a2d4851a1d" />
    <TestEntry testId="41e6ec37-825d-ca89-3546-384e9985ba2e" executionId="f8d35777-5033-403b-aac1-db1d32dd42dc" testListId="8c84fa94-04c1-424b-9868-57a2d4851a1d" />
    <TestEntry testId="b096b620-0aa9-d06e-98ab-e70a3ea91c12" executionId="4f14e72b-c801-493d-9799-6302a3fa99d5" testListId="8c84fa94-04c1-424b-9868-57a2d4851a1d" />
    <TestEntry testId="f5a4b7d0-e325-a269-30ef-21ee3f0a629d" executionId="d4765958-2516-4fb1-8d41-480d0a3e48a8" testListId="8c84fa94-04c1-424b-9868-57a2d4851a1d" />
    <TestEntry testId="023c6960-fc62-5abb-3c78-b9293312dc7a" executionId="ddc393df-89b4-48a7-8ac8-904fbbec6be7" testListId="8c84fa94-04c1-424b-9868-57a2d4851a1d" />
    <TestEntry testId="43bc48eb-5d6e-8083-6dca-ba48c9df2f8e" executionId="63698d75-d96f-4e8b-8a28-c0d7cc5ed7cf" testListId="8c84fa94-04c1-424b-9868-57a2d4851a1d" />
    <TestEntry testId="7af0d1b6-bad6-d121-9a7c-6fc25d81d57f" executionId="a885dea9-a4cd-47d1-b9d8-76d20fdb75fd" testListId="8c84fa94-04c1-424b-9868-57a2d4851a1d" />
    <TestEntry testId="b203f7fa-3789-1a27-4a60-248a885a2f6e" executionId="846077a1-de4d-4863-a457-0634d8cb9681" testListId="8c84fa94-04c1-424b-9868-57a2d4851a1d" />
    <TestEntry testId="cae27b94-2513-f9df-0f35-0130466fd0cf" executionId="79170c17-52cd-4ba3-b725-c290dff93f02" testListId="8c84fa94-04c1-424b-9868-57a2d4851a1d" />
    <TestEntry testId="e156f79e-2a29-ffff-7f89-a4d51307bc99" executionId="ec726f7f-60cf-456c-8558-35564b796d2c" testListId="8c84fa94-04c1-424b-9868-57a2d4851a1d" />
    <TestEntry testId="d1da45e3-4cbe-0528-02c4-df2029c110bb" executionId="ae1a051a-6190-494e-a0bb-f1f6611f0258" testListId="8c84fa94-04c1-424b-9868-57a2d4851a1d" />
    <TestEntry testId="3294bbb6-cca7-c324-0a62-8c995ec89f2a" executionId="367291bd-9539-4cd4-a4f7-0fea01fab76e" testListId="8c84fa94-04c1-424b-9868-57a2d4851a1d" />
    <TestEntry testId="f98e2762-7174-635e-600d-dd42f453a735" executionId="4aa861c9-18d7-4ead-803b-157682e389c1" testListId="8c84fa94-04c1-424b-9868-57a2d4851a1d" />
    <TestEntry testId="051d3b74-9dd4-311c-eda5-3598c2c4015c" executionId="24f7c3f1-a40d-4345-bbce-a80ebb255ab7" testListId="8c84fa94-04c1-424b-9868-57a2d4851a1d" />
    <TestEntry testId="25ead943-b42b-a5d2-cd83-d1177c7aa700" executionId="5cc7f772-c868-430c-a15f-abcdb631a068" testListId="8c84fa94-04c1-424b-9868-57a2d4851a1d" />
    <TestEntry testId="5dbf957f-78c7-2944-e2bc-7cd0424f1e43" executionId="b14a38e3-9242-4170-ad1e-f801b38b8946" testListId="8c84fa94-04c1-424b-9868-57a2d4851a1d" />
    <TestEntry testId="06d32eac-4041-26cf-8dfd-3f894945d08f" executionId="14d6fdca-1fd6-44e8-9ced-43e94d25422e" testListId="8c84fa94-04c1-424b-9868-57a2d4851a1d" />
    <TestEntry testId="f96459f2-2996-a85a-78b7-3fc447e4557f" executionId="eb4d1479-f26e-4324-9d7c-416e7bb217b0" testListId="8c84fa94-04c1-424b-9868-57a2d4851a1d" />
    <TestEntry testId="bd79712f-886c-8324-8eb1-04898f4a1a73" executionId="bf7f3fed-5f21-49c5-9bcc-4d9ffd8e8957" testListId="8c84fa94-04c1-424b-9868-57a2d4851a1d" />
    <TestEntry testId="629ee7ab-abfa-9308-3e8d-7e552e6dab72" executionId="34d95c34-c05c-4638-9a11-0775a7b9bcf4" testListId="8c84fa94-04c1-424b-9868-57a2d4851a1d" />
    <TestEntry testId="4d025954-ee57-78ea-d973-756728071940" executionId="63e5f5dc-e0c9-4211-952d-e0d16ef345df" testListId="8c84fa94-04c1-424b-9868-57a2d4851a1d" />
    <TestEntry testId="8b47cec7-2781-7197-d549-d393292e5f31" executionId="08562ff8-c1d0-4773-a75d-7cd4407c8f2d" testListId="8c84fa94-04c1-424b-9868-57a2d4851a1d" />
    <TestEntry testId="0a7580f1-0205-efbe-1d4f-c1b40136b0ed" executionId="a747c601-ac0b-41d3-913e-ff591e4f4d21" testListId="8c84fa94-04c1-424b-9868-57a2d4851a1d" />
    <TestEntry testId="f48c54ac-54cc-bb52-e725-0eb29b099eab" executionId="2a20c417-75a1-489a-a11b-a4dc4cb5c187" testListId="8c84fa94-04c1-424b-9868-57a2d4851a1d" />
    <TestEntry testId="d65b7efb-fe21-dbfc-9848-343f0f4b1156" executionId="e41e1399-721e-4bab-9bcc-c0c778e66ab6" testListId="8c84fa94-04c1-424b-9868-57a2d4851a1d" />
    <TestEntry testId="12526d82-c134-c759-4a9c-9cd248297fa4" executionId="beac3185-99b3-4ddf-914a-1125930cba34" testListId="8c84fa94-04c1-424b-9868-57a2d4851a1d" />
  </TestEntries>
  <TestLists>
    <TestList name="Results Not in a List" id="8c84fa94-04c1-424b-9868-57a2d4851a1d" />
    <TestList name="All Loaded Results" id="19431567-8539-422a-85d7-44ee4e166bda" />
  </TestLists>
  <ResultSummary outcome="Completed">
    <Counters total="33" executed="33" passed="33" failed="0" error="0" timeout="0" aborted="0" inconclusive="0" passedButRunAborted="0" notRunnable="0" notExecuted="0" disconnected="0" warning="0" completed="0" inProgress="0" pending="0" />
    <Output>
      <StdOut>[xUnit.net 00:00:00.00] xUnit.net VSTest Adapter v3.1.4+50e68bbb8b (64-bit .NET 10.0.4)&#xD;
[xUnit.net 00:00:00.13]   Discovering: Entropic.GUI.Tests&#xD;
[xUnit.net 00:00:00.19]   Discovered:  Entropic.GUI.Tests&#xD;
[xUnit.net 00:00:00.22]   Starting:    Entropic.GUI.Tests&#xD;
[xUnit.net 00:00:00.35]   Finished:    Entropic.GUI.Tests&#xD;
</StdOut>
    </Output>
  </ResultSummary>
</TestRun>